---
- pipeline:
  - instance: filesrc
    location: {{input_video0}}
  - instance: qtdemux
    connections:
      video_%u: queue_in.sink
  - instance: queue
    name: queue_in
    max-size-buffers: 16
    max-size-time: 0
    max-size-bytes: 0
  - instance: decodebin
    force-sw-decoders: {{force_sw_decoders}}
    connections:
      src_%u: queue_after_decodebin.sink
  - instance: queue
    name: queue_after_decodebin
    max-size-buffers: 16
    max-size-time: 0
    max-size-bytes: 0
  - instance: axinplace
    lib: libinplace_addstreamid.so
    mode: meta
    options: stream_id:0
    use-aligned: true
  - instance: vaapipostproc
    format: rgba
  - instance: axinplace
  - instance: axtransform
  - instance: tee
    name: input_tee
    connections:
      src_%u:
        - queue_task0.sink
        - queue_decoder_task0.sink
  - instance: queue
    name: queue_task0
    max-size-buffers: 16
    max-size-time: 0
    max-size-bytes: 0
  - instance: axtransform
    lib: libtransform_centrecropextra.so
    options: cropsize:224;scalesize:256
  - instance: vaapipostproc
    width: 224
    height: 224
    format: rgba
    scale-method: 0
  - instance: axinplace
  - instance: axtransform
    name: axtransform-normalize-cl0
    lib: libtransform_normalize_cl.so
    options: to_tensor:1;mean:0.485,0.456,0.406;std:0.229,0.224,0.225;quant_scale:0.01863;quant_zeropoint:-14.0
  - instance: axtransform
    lib: '{{prefix}}libtransform_padding.so'
    options: padding:{{pads}};fill:{{quant_zeropoint}}
    batch: 4
  - instance: queue
    max-size-buffers: 16
    max-size-time: 0
    max-size-bytes: 0
  - instance: axinference
    name: inference-task0-batch4-{{model_name0}}
    model: {{model_lib}}
    devices: metis-0:1:0
    double_buffer: true
    dmabuf_inputs: true
  - instance: axtransform
    lib: '{{prefix}}libtransform_dequantize.so'
    options: dequant_scale:{{dequant_scale}};dequant_zeropoint:{{dequant_zeropoint}}
    connections:
      src: decoder_task0.sink_1
  - instance: queue
    name: queue_decoder_task0
    connections:
      src: decoder_task0.sink_0
    max-size-buffers: 16
    max-size-time: 0
    max-size-bytes: 0
  - instance: decode_muxer
    name: decoder_task0
    lib: {{prefix}}libdecode_classification.so
    options: meta_key:{{model_name}};classlabels_file:{{label_file}};top_k:5;softmax:0
  - instance: appsink
    max-buffers: 16
    drop: false
    sync: false
