- pipeline:
  - instance: filesrc
    location: /path/to/src0.mp4
  - instance: queue
    name: queue_in0
    max-size-buffers: 16
    max-size-time: 0
    max-size-bytes: 0
  - instance: decodebin
    force-sw-decoders: true
    caps: video/x-raw(ANY)
    expose-all-streams: false
    connections:
      src_%u: queue_after_decodebin0.sink
  - instance: queue
    name: queue_after_decodebin0
    max-size-buffers: 16
    max-size-time: 0
    max-size-bytes: 0
  - instance: axinplace
    lib: libinplace_addstreamid.so
    mode: meta
    options: stream_id:0
  - instance: identity
    name: identity0
    connections:
      src: inference-funnel.sink_%u
  - instance: axfunnel
    name: inference-funnel
  - instance: axtransform
    lib: libtransform_colorconvert.so
    options: format:rgba
  - instance: axtransform
  - instance: tee
    name: input_tee0
    connections:
      src_%u:
      - queue_task0.sink
      - queue_decoder_task0.sink
  - instance: queue
    name: queue_task0
    max-size-buffers: 16
    max-size-time: 0
    max-size-bytes: 0
  - instance: axtransform
    lib: libtransform_centrecropextra.so
    options: cropsize:224;scalesize:256
  - instance: axtransform
    lib: libtransform_resize_cl.so
    options: size:224;to_tensor:1;mean:0.485,0.456,0.406;std:0.229,0.224,0.225;quant_scale:0.01863;quant_zeropoint:-14.0
  - instance: axtransform
    lib: libtransform_padding.so
    options: padding:0,0,1,3,2,4,0,0;fill:0
    batch: 1
  - instance: queue
    max-size-buffers: 16
    max-size-time: 0
    max-size-bytes: 0
  - instance: axinference
    name: inference-task0-squeezenet1_0-imagenet-onnx
    model: build/model.json
    devices: metis-0:1:0
    double_buffer: true
    dmabuf_inputs: true
    dmabuf_outputs: true
    num_children: 0
  - instance: axtransform
    lib: libtransform_dequantize.so
    options: dequant_scale:0.9;dequant_zeropoint:0
    connections:
      src: decoder_task0.sink_1
  - instance: queue
    name: queue_decoder_task0
    connections:
      src: decoder_task0.sink_0
    max-size-buffers: 16
    max-size-time: 0
    max-size-bytes: 0
  - instance: decode_muxer
    name: decoder_task0
    lib: libdecode_classification.so
    options: meta_key:squeezenet1.0-imagenet-onnx;classlabels_file:/path/to/sometempfile.txt;top_k:5;softmax:0
  - instance: appsink
    max-buffers: 16
    drop: false
    sync: false
