- pipeline:
  - instance: filesrc
    location: /path/to/src0.mp4
  - instance: qtdemux
    connections:
      video_%u: queue_in.sink
  - instance: queue
    name: queue_in
    max-size-buffers: 16
    max-size-time: 0
    max-size-bytes: 0
  - instance: decodebin
    force-sw-decoders: true
    connections:
      src_%u: queue_after_decodebin.sink
  - instance: queue
    name: queue_after_decodebin
    max-size-buffers: 16
    max-size-time: 0
    max-size-bytes: 0
  - instance: axinplace
    lib: libinplace_addstreamid.so
    mode: meta
    options: stream_id:0
  - instance: axtransform
  - instance: tee
    name: input_tee
    connections:
      src_%u:
      - queue_task0.sink
      - queue_decoder_task0.sink
  - instance: queue
    name: queue_task0
    max-size-buffers: 16
    max-size-time: 0
    max-size-bytes: 0
  - instance: axtransform
    lib: libtransform_resize_cl.so
    options: width:300;height:300;format:rgba
  - instance: axtransform
    lib: libtransform_normalize_cl.so
    options: to_tensor:1;mean:0.5,0.5,0.5;std:0.5,0.5,0.5;quant_scale:0.01863;quant_zeropoint:-14.0
  - instance: axtransform
    lib: libtransform_padding.so
    options: padding:0,0,1,3,2,4,0,0;fill:-14
    batch: 1
  - instance: queue
    max-size-buffers: 16
    max-size-time: 0
    max-size-bytes: 0
  - instance: axinference
    name: inference-task0-ssd-mobilenetv1-coco-onnx
    model: build/lib_export/lib.so
    devices: metis-0:1:0
    double_buffer: true
    dmabuf_inputs: true
  - instance: queue
    connections:
      src: decoder_task0.sink_1
    max-size-buffers: 16
    max-size-time: 0
    max-size-bytes: 0
  - instance: queue
    name: queue_decoder_task0
    max-size-buffers: 16
    max-size-time: 0
    max-size-bytes: 0
  - instance: axtransform
    lib: libtransform_colorconvert.so
    options: format:rgba
    connections:
      src: decoder_task0.sink_0
  - instance: decode_muxer
    name: decoder_task0
    lib: libdecode_ssd2.so
    mode: read
    options: meta_key:ssd-mobilenetv1-coco-onnx;confidence_threshold:0.3;classes:90;classlabels_file:/path/to/sometempfile.txt;max_boxes:30000;scales:0.9;zero_points:0;transpose:1;class_agnostic:1
  - instance: axinplace
    name: axinplace-nms0
    lib: libinplace_nms.so
    options: meta_key:ssd-mobilenetv1-coco-onnx;nms_threshold:0.5;class_agnostic:1;max_boxes:200
  - instance: appsink
    max-buffers: 16
    drop: false
    sync: false
