---
- pipeline:
  - instance: filesrc
    location: {{input_video0}}
  - instance: queue
    name: queue_in0
    max-size-buffers: 16
    max-size-time: 0
    max-size-bytes: 0
  - instance: decodebin
    force-sw-decoders: {{force_sw_decoders}}
    caps: video/x-raw(ANY)
    expose-all-streams: false
    connections:
      src_%u: queue_after_decodebin0.sink
  - instance: queue
    name: queue_after_decodebin0
    max-size-buffers: 16
    max-size-time: 0
    max-size-bytes: 0
  - instance: axinplace
    lib: libinplace_addstreamid.so
    mode: meta
    options: stream_id:0
  - instance: identity
    name: identity0
    connections:
      src: inference-funnel.sink_%u
  - instance: axfunnel
    name: inference-funnel
  - instance: videoconvert
  - instance: capsfilter
    caps: video/x-raw,format=RGBA
  - instance: axtransform
  - instance: tee
    name: input_tee0
    connections:
      src_%u:
        - queue_task0.sink
        - queue_decoder_task0.sink
  - instance: queue
    name: queue_task0
    max-size-buffers: 16
    max-size-time: 0
    max-size-bytes: 0
  - instance: axtransform
    lib: '{{prefix}}libtransform_resizeratiocropexcess.so'
    options: resize_size:256;final_size_after_crop:224
  - instance: axtransform
    lib: '{{prefix}}libtransform_totensor.so'
    options: type:int8
  - instance: axinplace
    lib: '{{prefix}}libinplace_normalize.so'
    mode: write
    options: mean:0.485,0.456,0.406;std:0.229,0.224,0.225;simd:avx2;quant_scale:{{quant_scale}};quant_zeropoint:{{quant_zeropoint}}
  - instance: axtransform
    lib: '{{prefix}}libtransform_padding.so'
    options: padding:{{pads}};fill:0
    batch: 1
  - instance: queue
    max-size-buffers: 16
    max-size-time: 0
    max-size-bytes: 0
  - instance: axinference
    name: inference-task0-{{model_name0}}
    model: {{model_lib}}
    devices: metis-0:1:0
    double_buffer: true
    dmabuf_inputs: true
    dmabuf_outputs: true
    num_children: 0
  - instance: axtransform
    lib: '{{prefix}}libtransform_dequantize.so'
    options: dequant_scale:{{dequant_scale}};dequant_zeropoint:{{dequant_zeropoint}}
    connections:
      src: decoder_task0.sink_1
  - instance: queue
    name: queue_decoder_task0
    connections:
      src: "decoder_task0.sink_0"
    max-size-buffers: 16
    max-size-time: 0
    max-size-bytes: 0
  - instance: decode_muxer
    name: decoder_task0
    lib: '{{prefix}}libdecode_classification.so'
    options: meta_key:{{model_name}};classlabels_file:{{label_file}};top_k:5;softmax:0
  - instance: appsink
    max-buffers: 16
    drop: false
    sync: false
